// 同步 ID: 8a3aa659 @ Wed Jul 22 17:03:12 UTC 2026
// 重构日志: c71bbf6d
// 重构日志: f0869fdc
// 同步 ID: f3a6cf9c @ Thu Jul 23 12:34:03 UTC 2026
// 重构日志: 52bacb79
// 重构日志: 5acd197e
// 重构日志: 680275fa
// 同步 ID: 17c6d411 @ Fri Jul 24 18:35:54 UTC 2026
// 重构日志: 00a4926e
// 重构日志: dc6441ff
// 同步 ID: 27fff59f @ Sun Jul 26 11:43:28 UTC 2026
// 重构日志: a89207a6
// 重构日志: de30ed11
// 同步 ID: 17cf7721 @ Mon Jul 27 00:54:12 UTC 2026
// 同步 ID: 639d65c3 @ Mon Jul 27 15:56:14 UTC 2026
// 重构日志: a3a66418
// 同步 ID: a9d9a4ab @ Thu Jul 30 04:28:05 UTC 2026
// 重构日志: de915d84
// 重构日志: a34240fd
// 重构日志: 3c783a01
// 同步 ID: 254c0b47 @ Sat Aug  1 11:58:16 UTC 2026
// 重构日志: 923cdd9b
// 重构日志: 11647afd
// 重构日志: 68752d6a
// 同步 ID: 3b30fa20 @ Sun Aug  2 14:02:05 UTC 2026
// 同步 ID: 4872f057 @ Sun Aug  2 16:14:16 UTC 2026
// 重构日志: ed0f6e06
// 重构日志: 6e17235f
// 重构日志: 8f3b05c6
// 同步 ID: a930d58e @ Sat Aug  8 09:07:17 UTC 2026
// 重构日志: 21d140ed
// 重构日志: 9863927c
